// Jest Snapshot v1, https://goo.gl/fbAQLP

exports[`all USDT are countervalue enabled 1`] = `
Array [
  "algorand/asa/312769",
  "ethereum/erc20/usd_tether__erc20_",
  "polygon/erc20/(pos)_tether_usd",
  "tron/trc20/TR7NHqjeKQxGTCi8q8ZY4pL8otSzgjLj6t",
]
`;
